[2026-09-19T11:32:32Z] === ENRICH ITERATION 1 START | repo=giampaolo/psutil sha=3d5522aa ===
[2026-09-19T11:32:32Z] [iter=1] PHASE START: enrich repo=giampaolo/psutil sha=3d5522aa runlog=/home/runner/work/forx/forx/storage/aggregate/lsp/logs/3d5522aa-enrich-iter-001.log output=/home/runner/work/forx/forx/storage/aggregate/lsp/3d5522aafb6c9cbcbcf4edfa11348f755af97d96.nq.gz
[2026-09-19T11:32:32Z] [iter=1] Step 1: Loading AST into disk-backed store mem_mb=78 MB
[2026-09-19T11:32:45Z] [iter=1] AST store loaded triples=1631909 load_secs=13 mem_mb=880 MB
[2026-09-19T11:32:45Z] [iter=1] Step 2: Finding LSP targets mem_mb=880 MB
[2026-09-19T11:32:49Z] [iter=1] LSP targets found call_sites=14393 imports=0 extends=0 implements=0 secs=4
[2026-09-19T11:32:51Z] [iter=1] Step 2.7: Building position index (one-shot, shared across resolvers) mem_mb=880 MB
[2026-09-19T11:33:01Z] [iter=1] Position index built positions=115443 nodes_with_types=145604 secs=10 mem_mb=880 MB
[2026-09-19T11:33:01Z] [iter=1] Step 3: Starting LSP resolution mem_mb=880 MB already_completed_types=[] already_completed_files=0
[2026-09-19T11:33:01Z] [iter=1] Resolving target type target_type=call_site count=14393
[2026-09-19T11:33:03Z] [iter=1] HEARTBEAT target_type=call_site elapsed_min=0.5 files_done=0 resolved=0 errors=0 current=psutil/arch/windows/cpu.c
[2026-09-19T11:34:01Z] [iter=1] HEARTBEAT target_type=call_site elapsed_min=1.5 files_done=2 resolved=0 errors=85 current=psutil/arch/openbsd/socks.c
[2026-09-19T11:34:37Z] [iter=1] HEARTBEAT target_type=call_site elapsed_min=2.1 files_done=5 resolved=31 errors=136 current=psutil/_psutil_sunos.c
[2026-09-19T11:35:34Z] [iter=1] HEARTBEAT target_type=call_site elapsed_min=3.0 files_done=6 resolved=62 errors=220 current=psutil/arch/freebsd/sys_socks.c
[2026-09-19T11:36:42Z] [iter=1] HEARTBEAT target_type=call_site elapsed_min=4.2 files_done=8 resolved=99 errors=319 current=psutil/_psutil_bsd.c
[2026-09-19T11:37:24Z] [iter=1] HEARTBEAT target_type=call_site elapsed_min=4.9 files_done=10 resolved=99 errors=381 current=psutil/arch/osx/disk.c
[2026-09-19T11:38:05Z] [iter=1] HEARTBEAT target_type=call_site elapsed_min=5.6 files_done=13 resolved=122 errors=441 current=psutil/arch/netbsd/cpu.c
[2026-09-19T11:38:38Z] [iter=1] HEARTBEAT target_type=call_site elapsed_min=6.1 files_done=18 resolved=131 errors=490 current=psutil/_psutil_aix.c
[2026-09-19T11:39:20Z] [iter=1] HEARTBEAT target_type=call_site elapsed_min=6.8 files_done=19 resolved=165 errors=552 current=psutil/_psutil_common.c
[2026-09-19T11:40:16Z] [iter=1] HEARTBEAT target_type=call_site elapsed_min=7.7 files_done=23 resolved=242 errors=634 current=psutil/arch/openbsd/cpu.c
[2026-09-19T11:40:58Z] [iter=1] HEARTBEAT target_type=call_site elapsed_min=8.4 files_done=30 resolved=243 errors=695 current=psutil/arch/windows/sys.c
[2026-09-19T11:41:33Z] [iter=1] HEARTBEAT target_type=call_site elapsed_min=9.0 files_done=34 resolved=248 errors=747 current=psutil/arch/solaris/environ.c
[2026-09-19T11:42:13Z] [iter=1] HEARTBEAT target_type=call_site elapsed_min=9.7 files_done=36 resolved=256 errors=805 current=psutil/arch/freebsd/proc_socks.c
[2026-09-19T11:42:44Z] [iter=1] HEARTBEAT target_type=call_site elapsed_min=10.2 files_done=39 resolved=266 errors=851 current=psutil/arch/netbsd/disk.c
[2026-09-19T11:43:15Z] [iter=1] HEARTBEAT target_type=call_site elapsed_min=10.7 files_done=47 resolved=312 errors=896 current=psutil/arch/netbsd/mem.c
[2026-09-19T11:44:05Z] [iter=1] HEARTBEAT target_type=call_site elapsed_min=11.6 files_done=51 resolved=323 errors=969 current=psutil/arch/windows/mem.c
[2026-09-19T11:44:35Z] [iter=1] HEARTBEAT target_type=call_site elapsed_min=12.1 files_done=58 resolved=329 errors=1013 current=psutil/arch/osx/mem.c
[2026-09-19T11:47:48Z] [iter=1] HEARTBEAT target_type=call_site elapsed_min=15.3 files_done=62 resolved=544 errors=1234 current=psutil/tests/test_process.py
[2026-09-19T11:53:17Z] [iter=1] HEARTBEAT target_type=call_site elapsed_min=20.8 files_done=63 resolved=1089 errors=1685 current=psutil/tests/test_windows.py
[2026-09-19T11:55:16Z] [iter=1] HEARTBEAT target_type=call_site elapsed_min=22.7 files_done=64 resolved=1338 errors=1851 current=psutil/_pslinux.py
[2026-09-19T11:58:01Z] [iter=1] HEARTBEAT target_type=call_site elapsed_min=25.5 files_done=65 resolved=1789 errors=2067 current=scripts/procinfo.py
[2026-09-19T11:58:51Z] [iter=1] HEARTBEAT target_type=call_site elapsed_min=26.3 files_done=66 resolved=1827 errors=2135 current=psutil/_pswindows.py
[2026-09-19T12:00:12Z] [iter=1] HEARTBEAT target_type=call_site elapsed_min=27.7 files_done=67 resolved=1920 errors=2252 current=scripts/internal/bench_oneshot.py
[2026-09-19T12:00:47Z] [iter=1] HEARTBEAT target_type=call_site elapsed_min=28.3 files_done=69 resolved=1964 errors=2303 current=psutil/tests/test_linux.py
[2026-09-19T12:05:06Z] [iter=1] HEARTBEAT target_type=call_site elapsed_min=32.6 files_done=70 resolved=2719 errors=2653 current=psutil/tests/test_process_all.py
[2026-09-19T12:05:48Z] [iter=1] HEARTBEAT target_type=call_site elapsed_min=33.3 files_done=71 resolved=2877 errors=2704 current=scripts/sensors.py
[2026-09-19T12:07:36Z] [iter=1] HEARTBEAT target_type=call_site elapsed_min=35.1 files_done=73 resolved=3245 errors=2854 current=psutil/tests/test_misc.py
[2026-09-19T12:10:43Z] [iter=1] HEARTBEAT target_type=call_site elapsed_min=38.2 files_done=74 resolved=3571 errors=3120 current=psutil/tests/test_contracts.py
[2026-09-19T12:11:34Z] [iter=1] HEARTBEAT target_type=call_site elapsed_min=39.0 files_done=75 resolved=3710 errors=3193 current=psutil/tests/test_testutils.py
[2026-09-19T12:12:53Z] [iter=1] HEARTBEAT target_type=call_site elapsed_min=40.3 files_done=76 resolved=3847 errors=3305 current=psutil/tests/test_aix.py
[2026-09-19T12:14:14Z] [iter=1] HEARTBEAT target_type=call_site elapsed_min=41.7 files_done=78 resolved=4048 errors=3419 current=psutil/tests/__init__.py
[2026-09-19T12:16:57Z] [iter=1] HEARTBEAT target_type=call_site elapsed_min=44.4 files_done=79 resolved=4446 errors=3636 current=psutil/tests/test_bsd.py
[2026-09-19T12:18:43Z] [iter=1] HEARTBEAT target_type=call_site elapsed_min=46.2 files_done=80 resolved=4604 errors=3783 current=scripts/internal/print_announce.py
[2026-09-19T12:19:30Z] [iter=1] HEARTBEAT target_type=call_site elapsed_min=47.0 files_done=83 resolved=4853 errors=3840 current=scripts/battery.py
[2026-09-19T12:20:07Z] [iter=1] HEARTBEAT target_type=call_site elapsed_min=47.6 files_done=86 resolved=4926 errors=3891 current=scripts/internal/check_broken_links.py
[2026-09-19T12:20:51Z] [iter=1] HEARTBEAT target_type=call_site elapsed_min=48.3 files_done=88 resolved=5063 errors=3949 current=psutil/_pssunos.py
[2026-09-19T12:21:39Z] [iter=1] HEARTBEAT target_type=call_site elapsed_min=49.1 files_done=89 resolved=5133 errors=4017 current=scripts/internal/print_dist.py
[2026-09-19T12:22:43Z] [iter=1] HEARTBEAT target_type=call_site elapsed_min=50.2 files_done=91 resolved=5228 errors=4108 current=scripts/iotop.py
[2026-09-19T12:25:05Z] [iter=1] HEARTBEAT target_type=call_site elapsed_min=52.6 files_done=94 resolved=5330 errors=4313 current=scripts/top.py
[2026-09-19T12:26:09Z] [iter=1] HEARTBEAT target_type=call_site elapsed_min=53.6 files_done=96 resolved=5441 errors=4402 current=scripts/internal/download_wheels_appveyor.py
[2026-09-19T12:26:58Z] [iter=1] HEARTBEAT target_type=call_site elapsed_min=54.4 files_done=100 resolved=5550 errors=4471 current=scripts/cpu_distribution.py
[2026-09-19T12:28:06Z] [iter=1] HEARTBEAT target_type=call_site elapsed_min=55.6 files_done=102 resolved=5700 errors=4566 current=.github/workflows/issues.py
[2026-09-19T12:28:46Z] [iter=1] HEARTBEAT target_type=call_site elapsed_min=56.2 files_done=103 resolved=5727 errors=4623 current=psutil/_compat.py
[2026-09-19T12:29:16Z] [iter=1] HEARTBEAT target_type=call_site elapsed_min=56.7 files_done=107 resolved=5829 errors=4665 current=scripts/internal/git_pre_commit.py
[2026-09-19T12:29:52Z] [iter=1] HEARTBEAT target_type=call_site elapsed_min=57.3 files_done=110 resolved=5925 errors=4712 current=scripts/internal/print_downloads.py
[2026-09-19T12:31:05Z] [iter=1] HEARTBEAT target_type=call_site elapsed_min=58.6 files_done=112 resolved=6059 errors=4814 current=scripts/meminfo.py
[2026-09-19T12:31:35Z] [iter=1] HEARTBEAT target_type=call_site elapsed_min=59.1 files_done=120 resolved=6146 errors=4856 current=scripts/winservices.py
[2026-09-19T12:32:05Z] [iter=1] HEARTBEAT target_type=call_site elapsed_min=59.6 files_done=130 resolved=6232 errors=4896 current=scripts/who.py
[2026-09-19T12:32:49Z] [iter=1] HEARTBEAT target_type=call_site elapsed_min=60.3 files_done=134 resolved=6239 errors=4947 current=docs/_static/copybutton.js
[2026-09-19T12:33:12Z] [iter=1] Target type resolved target_type=call_site resolved=6239 errors=4981 secs=3611 mem_mb=880 MB
[2026-09-19T12:33:22Z] [iter=1] Step 5: Writing final enrichment file triples=103468
[2026-09-19T12:33:24Z] [iter=1] Enrichment file written path=/home/runner/work/forx/forx/storage/aggregate/lsp/3d5522aafb6c9cbcbcf4edfa11348f755af97d96.nq.gz size_kb=2048
[2026-09-19T12:33:24Z] [iter=1] PHASE END: enrich elapsed_s=3653 elapsed_min=60.9 total_triples=103468
