[2026-09-18T21:17:22Z] === ENRICH ITERATION 1 START | repo=giampaolo/psutil sha=5904ff94 ===
[2026-09-18T21:17:22Z] [iter=1] PHASE START: enrich repo=giampaolo/psutil sha=5904ff94 runlog=/home/runner/work/forx/forx/storage/aggregate/lsp/logs/5904ff94-enrich-iter-001.log output=/home/runner/work/forx/forx/storage/aggregate/lsp/5904ff94e3fd0fea3d0734a936834bef6e63369a.nq.gz
[2026-09-18T21:17:22Z] [iter=1] Step 1: Loading AST into disk-backed store mem_mb=78 MB
[2026-09-18T21:17:35Z] [iter=1] AST store loaded triples=1604401 load_secs=12 mem_mb=880 MB
[2026-09-18T21:17:35Z] [iter=1] Step 2: Finding LSP targets mem_mb=880 MB
[2026-09-18T21:17:38Z] [iter=1] LSP targets found call_sites=12947 imports=175 extends=1 implements=0 secs=3
[2026-09-18T21:17:40Z] [iter=1] Step 2.7: Building position index (one-shot, shared across resolvers) mem_mb=880 MB
[2026-09-18T21:17:50Z] [iter=1] Position index built positions=109828 nodes_with_types=137710 secs=10 mem_mb=880 MB
[2026-09-18T21:17:50Z] [iter=1] Step 3: Starting LSP resolution mem_mb=880 MB already_completed_types=[] already_completed_files=0
[2026-09-18T21:17:50Z] [iter=1] Resolving target type target_type=call_site count=12947
[2026-09-18T21:17:53Z] [iter=1] HEARTBEAT target_type=call_site elapsed_min=0.5 files_done=0 resolved=0 errors=0 current=psutil/arch/osx/cpu.c
[2026-09-18T21:18:52Z] [iter=1] HEARTBEAT target_type=call_site elapsed_min=1.5 files_done=5 resolved=38 errors=89 current=psutil/arch/windows/proc_info.c
[2026-09-18T21:19:31Z] [iter=1] HEARTBEAT target_type=call_site elapsed_min=2.2 files_done=6 resolved=38 errors=147 current=psutil/arch/windows/disk.c
[2026-09-18T21:20:05Z] [iter=1] HEARTBEAT target_type=call_site elapsed_min=2.7 files_done=9 resolved=38 errors=197 current=psutil/arch/bsd/disk.c
[2026-09-18T21:20:41Z] [iter=1] HEARTBEAT target_type=call_site elapsed_min=3.3 files_done=12 resolved=44 errors=251 current=psutil/_psutil_aix.c
[2026-09-18T21:21:30Z] [iter=1] HEARTBEAT target_type=call_site elapsed_min=4.1 files_done=13 resolved=74 errors=324 current=psutil/arch/posix/sysctl.c
[2026-09-18T21:22:00Z] [iter=1] HEARTBEAT target_type=call_site elapsed_min=4.6 files_done=15 resolved=80 errors=370 current=psutil/arch/windows/net.c
[2026-09-18T21:22:31Z] [iter=1] HEARTBEAT target_type=call_site elapsed_min=5.1 files_done=20 resolved=87 errors=415 current=psutil/arch/sunos/proc.c
[2026-09-18T21:23:12Z] [iter=1] HEARTBEAT target_type=call_site elapsed_min=5.8 files_done=22 resolved=90 errors=477 current=psutil/_psutil_bsd.c
[2026-09-18T21:23:45Z] [iter=1] HEARTBEAT target_type=call_site elapsed_min=6.4 files_done=26 resolved=95 errors=526 current=psutil/arch/windows/proc_utils.c
[2026-09-18T21:24:35Z] [iter=1] HEARTBEAT target_type=call_site elapsed_min=7.2 files_done=29 resolved=103 errors=601 current=psutil/arch/osx/proc.c
[2026-09-18T21:25:06Z] [iter=1] HEARTBEAT target_type=call_site elapsed_min=7.7 files_done=30 resolved=125 errors=647 current=psutil/arch/aix/ifaddrs.c
[2026-09-18T21:25:36Z] [iter=1] HEARTBEAT target_type=call_site elapsed_min=8.2 files_done=36 resolved=147 errors=692 current=psutil/arch/sunos/net.c
[2026-09-18T21:26:21Z] [iter=1] HEARTBEAT target_type=call_site elapsed_min=9.0 files_done=39 resolved=168 errors=759 current=psutil/arch/windows/security.c
[2026-09-18T21:27:05Z] [iter=1] HEARTBEAT target_type=call_site elapsed_min=9.7 files_done=44 resolved=180 errors=825 current=psutil/arch/freebsd/proc.c
[2026-09-18T21:27:37Z] [iter=1] HEARTBEAT target_type=call_site elapsed_min=10.3 files_done=46 resolved=185 errors=873 current=psutil/arch/windows/proc_handles.c
[2026-09-18T21:28:15Z] [iter=1] HEARTBEAT target_type=call_site elapsed_min=10.9 files_done=52 resolved=189 errors=930 current=psutil/arch/windows/init.c
[2026-09-18T21:28:45Z] [iter=1] HEARTBEAT target_type=call_site elapsed_min=11.4 files_done=56 resolved=191 errors=975 current=psutil/arch/bsd/net.c
[2026-09-18T21:29:19Z] [iter=1] HEARTBEAT target_type=call_site elapsed_min=11.9 files_done=66 resolved=207 errors=1025 current=psutil/arch/sunos/sys.c
[2026-09-18T21:29:51Z] [iter=1] HEARTBEAT target_type=call_site elapsed_min=12.5 files_done=74 resolved=217 errors=1073 current=psutil/arch/posix/proc.c
[2026-09-18T21:30:39Z] [iter=1] HEARTBEAT target_type=call_site elapsed_min=13.3 files_done=85 resolved=247 errors=1142 current=psutil/tests/test_connections.py
[2026-09-18T21:32:03Z] [iter=1] HEARTBEAT target_type=call_site elapsed_min=14.7 files_done=86 resolved=317 errors=1260 current=psutil/tests/test_linux.py
[2026-09-18T21:37:18Z] [iter=1] HEARTBEAT target_type=call_site elapsed_min=19.9 files_done=87 resolved=755 errors=1711 current=psutil/tests/test_process.py
[2026-09-18T21:44:07Z] [iter=1] HEARTBEAT target_type=call_site elapsed_min=26.7 files_done=88 resolved=969 errors=2295 current=scripts/top.py
[2026-09-18T21:44:38Z] [iter=1] HEARTBEAT target_type=call_site elapsed_min=27.3 files_done=89 resolved=1004 errors=2342 current=psutil/_psbsd.py
[2026-09-18T21:45:31Z] [iter=1] HEARTBEAT target_type=call_site elapsed_min=28.2 files_done=90 resolved=1063 errors=2419 current=psutil/tests/test_windows.py
[2026-09-18T21:47:50Z] [iter=1] HEARTBEAT target_type=call_site elapsed_min=30.5 files_done=91 resolved=1184 errors=2620 current=scripts/internal/download_wheels.py
[2026-09-18T21:50:33Z] [iter=1] HEARTBEAT target_type=call_site elapsed_min=33.2 files_done=93 resolved=1641 errors=2840 current=psutil/tests/test_osx.py
[2026-09-18T21:51:08Z] [iter=1] HEARTBEAT target_type=call_site elapsed_min=33.8 files_done=94 resolved=1671 errors=2893 current=setup.py
[2026-09-18T21:53:14Z] [iter=1] HEARTBEAT target_type=call_site elapsed_min=35.9 files_done=96 resolved=1876 errors=3071 current=psutil/_pswindows.py
[2026-09-18T21:54:20Z] [iter=1] HEARTBEAT target_type=call_site elapsed_min=37.0 files_done=97 resolved=1961 errors=3167 current=psutil/tests/test_system.py
[2026-09-18T21:56:23Z] [iter=1] HEARTBEAT target_type=call_site elapsed_min=39.0 files_done=98 resolved=2146 errors=3346 current=scripts/internal/test_python2_setup_py.py
[2026-09-18T21:57:12Z] [iter=1] HEARTBEAT target_type=call_site elapsed_min=39.8 files_done=101 resolved=2303 errors=3412 current=scripts/procinfo.py
[2026-09-18T21:58:10Z] [iter=1] HEARTBEAT target_type=call_site elapsed_min=40.8 files_done=102 resolved=2334 errors=3499 current=scripts/internal/git_pre_commit.py
[2026-09-18T22:01:18Z] [iter=1] HEARTBEAT target_type=call_site elapsed_min=43.9 files_done=104 resolved=2586 errors=3722 current=psutil/tests/test_misc.py
[2026-09-18T22:04:06Z] [iter=1] HEARTBEAT target_type=call_site elapsed_min=46.7 files_done=105 resolved=2703 errors=3969 current=psutil/tests/__init__.py
[2026-09-18T22:06:35Z] [iter=1] HEARTBEAT target_type=call_site elapsed_min=49.2 files_done=106 resolved=3037 errors=4177 current=psutil/_psosx.py
[2026-09-18T22:07:13Z] [iter=1] HEARTBEAT target_type=call_site elapsed_min=49.8 files_done=107 resolved=3062 errors=4232 current=psutil/tests/test_unicode.py
[2026-09-18T22:07:59Z] [iter=1] HEARTBEAT target_type=call_site elapsed_min=50.6 files_done=108 resolved=3099 errors=4298 current=psutil/tests/test_process_all.py
[2026-09-18T22:08:37Z] [iter=1] HEARTBEAT target_type=call_site elapsed_min=51.3 files_done=109 resolved=3203 errors=4349 current=psutil/tests/test_scripts.py
[2026-09-18T22:09:14Z] [iter=1] HEARTBEAT target_type=call_site elapsed_min=51.9 files_done=112 resolved=3334 errors=4402 current=psutil/tests/test_sudo.py
[2026-09-18T22:11:44Z] [iter=1] HEARTBEAT target_type=call_site elapsed_min=54.4 files_done=115 resolved=3397 errors=4622 current=scripts/nettop.py
[2026-09-18T22:14:10Z] [iter=1] HEARTBEAT target_type=call_site elapsed_min=56.8 files_done=117 resolved=3519 errors=4836 current=psutil/tests/test_posix.py
[2026-09-18T22:15:19Z] [iter=1] HEARTBEAT target_type=call_site elapsed_min=58.0 files_done=118 resolved=3596 errors=4936 current=psutil/_common.py
[2026-09-18T22:16:24Z] [iter=1] HEARTBEAT target_type=call_site elapsed_min=59.0 files_done=120 resolved=3790 errors=5028 current=scripts/internal/print_downloads.py
[2026-09-18T22:17:18Z] [iter=1] HEARTBEAT target_type=call_site elapsed_min=59.9 files_done=122 resolved=3840 errors=5108 current=psutil/tests/test_aix.py
[2026-09-18T22:17:57Z] [iter=1] HEARTBEAT target_type=call_site elapsed_min=60.6 files_done=125 resolved=3943 errors=5165 current=psutil/tests/test_contracts.py
[2026-09-18T22:18:30Z] [iter=1] HEARTBEAT target_type=call_site elapsed_min=61.1 files_done=126 resolved=4046 errors=5214 current=scripts/pidof.py
[2026-09-18T22:19:09Z] [iter=1] HEARTBEAT target_type=call_site elapsed_min=61.8 files_done=133 resolved=4140 errors=5268 current=scripts/free.py
[2026-09-18T22:19:41Z] [iter=1] HEARTBEAT target_type=call_site elapsed_min=62.3 files_done=140 resolved=4218 errors=5314 current=scripts/internal/purge_installation.py
[2026-09-18T22:20:11Z] [iter=1] HEARTBEAT target_type=call_site elapsed_min=62.8 files_done=143 resolved=4244 errors=5359 current=scripts/internal/bench_oneshot_2.py
[2026-09-18T22:20:48Z] [iter=1] HEARTBEAT target_type=call_site elapsed_min=63.4 files_done=149 resolved=4306 errors=5413 current=scripts/netstat.py
[2026-09-18T22:21:43Z] [iter=1] HEARTBEAT target_type=call_site elapsed_min=64.3 files_done=158 resolved=4354 errors=5489 current=docs/_static/copybutton.js
[2026-09-18T22:22:06Z] [iter=1] Target type resolved target_type=call_site resolved=4354 errors=5523 secs=3856 mem_mb=880 MB
[2026-09-18T22:22:06Z] [iter=1] Resolving target type target_type=import_statement count=175
[2026-09-18T22:22:10Z] [iter=1] Target type resolved target_type=import_statement resolved=163 errors=0 secs=4 mem_mb=880 MB
[2026-09-18T22:22:10Z] [iter=1] Resolving target type target_type=extends_clause count=1
[2026-09-18T22:22:11Z] [iter=1] Target type resolved target_type=extends_clause resolved=1 errors=0 secs=1 mem_mb=880 MB
[2026-09-18T22:22:20Z] [iter=1] Step 5: Writing final enrichment file triples=89403
[2026-09-18T22:22:22Z] [iter=1] Enrichment file written path=/home/runner/work/forx/forx/storage/aggregate/lsp/5904ff94e3fd0fea3d0734a936834bef6e63369a.nq.gz size_kb=1813
[2026-09-18T22:22:22Z] [iter=1] PHASE END: enrich elapsed_s=3900 elapsed_min=65.0 total_triples=89403
