[2026-09-18T09:06:42Z] === ENRICH ITERATION 1 START | repo=giampaolo/psutil sha=6130c19d ===
[2026-09-18T09:06:42Z] [iter=1] PHASE START: enrich repo=giampaolo/psutil sha=6130c19d runlog=/home/runner/work/forx/forx/storage/aggregate/lsp/logs/6130c19d-enrich-iter-001.log output=/home/runner/work/forx/forx/storage/aggregate/lsp/6130c19da2d01383befa0dfca2371a792f8881af.nq.gz
[2026-09-18T09:06:42Z] [iter=1] Step 1: Loading AST into disk-backed store mem_mb=78 MB
[2026-09-18T09:06:54Z] [iter=1] AST store loaded triples=1597404 load_secs=12 mem_mb=857 MB
[2026-09-18T09:06:54Z] [iter=1] Step 2: Finding LSP targets mem_mb=857 MB
[2026-09-18T09:06:57Z] [iter=1] LSP targets found call_sites=12811 imports=552 extends=86 implements=0 secs=3
[2026-09-18T09:07:00Z] [iter=1] Step 2.7: Building position index (one-shot, shared across resolvers) mem_mb=857 MB
[2026-09-18T09:07:09Z] [iter=1] Position index built positions=108975 nodes_with_types=136358 secs=10 mem_mb=857 MB
[2026-09-18T09:07:09Z] [iter=1] Step 3: Starting LSP resolution mem_mb=857 MB already_completed_types=[] already_completed_files=0
[2026-09-18T09:07:09Z] [iter=1] Resolving target type target_type=call_site count=12811
[2026-09-18T09:08:45Z] [iter=1] HEARTBEAT target_type=call_site elapsed_min=2.0 files_done=1 resolved=48 errors=142 current=scripts/internal/print_downloads.py
[2026-09-18T09:10:21Z] [iter=1] HEARTBEAT target_type=call_site elapsed_min=3.7 files_done=3 resolved=136 errors=286 current=psutil/_psaix.py
[2026-09-18T09:10:51Z] [iter=1] HEARTBEAT target_type=call_site elapsed_min=4.2 files_done=4 resolved=193 errors=330 current=tests/test_unicode.py
[2026-09-18T09:11:38Z] [iter=1] HEARTBEAT target_type=call_site elapsed_min=4.9 files_done=5 resolved=228 errors=399 current=tests/__init__.py
[2026-09-18T09:14:33Z] [iter=1] HEARTBEAT target_type=call_site elapsed_min=7.8 files_done=6 resolved=463 errors=661 current=tests/test_linux.py
[2026-09-18T09:20:54Z] [iter=1] HEARTBEAT target_type=call_site elapsed_min=14.2 files_done=7 resolved=858 errors=1236 current=tests/test_process.py
[2026-09-18T09:26:24Z] [iter=1] HEARTBEAT target_type=call_site elapsed_min=19.7 files_done=8 resolved=1072 errors=1711 current=tests/test_scripts.py
[2026-09-18T09:26:55Z] [iter=1] HEARTBEAT target_type=call_site elapsed_min=20.2 files_done=9 resolved=1103 errors=1757 current=setup.py
[2026-09-18T09:28:13Z] [iter=1] HEARTBEAT target_type=call_site elapsed_min=21.5 files_done=12 resolved=1252 errors=1870 current=scripts/iotop.py
[2026-09-18T09:29:29Z] [iter=1] HEARTBEAT target_type=call_site elapsed_min=22.8 files_done=14 resolved=1321 errors=1983 current=scripts/internal/print_sysinfo.py
[2026-09-18T09:32:32Z] [iter=1] HEARTBEAT target_type=call_site elapsed_min=25.8 files_done=17 resolved=1509 errors=2260 current=psutil/_pslinux.py
[2026-09-18T09:35:04Z] [iter=1] HEARTBEAT target_type=call_site elapsed_min=28.4 files_done=18 resolved=1934 errors=2472 current=tests/test_misc.py
[2026-09-18T09:38:14Z] [iter=1] HEARTBEAT target_type=call_site elapsed_min=31.5 files_done=19 resolved=2034 errors=2761 current=psutil/__init__.py
[2026-09-18T09:41:10Z] [iter=1] HEARTBEAT target_type=call_site elapsed_min=34.5 files_done=20 resolved=2240 errors=2971 current=psutil/_pssunos.py
[2026-09-18T09:41:55Z] [iter=1] HEARTBEAT target_type=call_site elapsed_min=35.2 files_done=21 resolved=2299 errors=3038 current=scripts/cpu_distribution.py
[2026-09-18T09:42:26Z] [iter=1] HEARTBEAT target_type=call_site elapsed_min=35.7 files_done=23 resolved=2428 errors=3084 current=tests/test_bsd.py
[2026-09-18T09:44:55Z] [iter=1] HEARTBEAT target_type=call_site elapsed_min=38.2 files_done=24 resolved=2516 errors=3309 current=scripts/internal/convert_readme.py
[2026-09-18T09:45:54Z] [iter=1] HEARTBEAT target_type=call_site elapsed_min=39.2 files_done=28 resolved=2644 errors=3398 current=tests/test_testutils.py
[2026-09-18T09:47:23Z] [iter=1] HEARTBEAT target_type=call_site elapsed_min=40.7 files_done=29 resolved=2696 errors=3534 current=.github/workflows/issues.py
[2026-09-18T09:48:11Z] [iter=1] HEARTBEAT target_type=call_site elapsed_min=41.5 files_done=30 resolved=2713 errors=3607 current=scripts/nettop.py
[2026-09-18T09:48:46Z] [iter=1] HEARTBEAT target_type=call_site elapsed_min=42.1 files_done=33 resolved=2753 errors=3660 current=scripts/top.py
[2026-09-18T09:49:18Z] [iter=1] HEARTBEAT target_type=call_site elapsed_min=42.6 files_done=34 resolved=2788 errors=3707 current=tests/test_system.py
[2026-09-18T09:51:40Z] [iter=1] HEARTBEAT target_type=call_site elapsed_min=45.0 files_done=35 resolved=2951 errors=3923 current=tests/test_osx.py
[2026-09-18T09:52:24Z] [iter=1] HEARTBEAT target_type=call_site elapsed_min=45.7 files_done=36 resolved=2981 errors=3989 current=tests/test_posix.py
[2026-09-18T09:53:18Z] [iter=1] HEARTBEAT target_type=call_site elapsed_min=46.6 files_done=37 resolved=3059 errors=4068 current=psutil/_common.py
[2026-09-18T09:53:57Z] [iter=1] HEARTBEAT target_type=call_site elapsed_min=47.3 files_done=38 resolved=3130 errors=4127 current=scripts/internal/find_broken_links.py
[2026-09-18T09:54:35Z] [iter=1] HEARTBEAT target_type=call_site elapsed_min=47.9 files_done=39 resolved=3173 errors=4183 current=scripts/procsmem.py
[2026-09-18T09:55:19Z] [iter=1] HEARTBEAT target_type=call_site elapsed_min=48.6 files_done=41 resolved=3200 errors=4249 current=scripts/internal/print_dist.py
[2026-09-18T09:56:04Z] [iter=1] HEARTBEAT target_type=call_site elapsed_min=49.4 files_done=43 resolved=3228 errors=4317 current=psutil/_psosx.py
[2026-09-18T09:56:41Z] [iter=1] HEARTBEAT target_type=call_site elapsed_min=50.0 files_done=44 resolved=3249 errors=4372 current=scripts/internal/generate_manifest.py
[2026-09-18T09:57:29Z] [iter=1] HEARTBEAT target_type=call_site elapsed_min=50.8 files_done=51 resolved=3402 errors=4444 current=scripts/pstree.py
[2026-09-18T09:58:25Z] [iter=1] HEARTBEAT target_type=call_site elapsed_min=51.7 files_done=56 resolved=3436 errors=4530 current=scripts/internal/install_pip.py
[2026-09-18T09:58:56Z] [iter=1] HEARTBEAT target_type=call_site elapsed_min=52.2 files_done=60 resolved=3486 errors=4577 current=scripts/disk_usage.py
[2026-09-18T09:59:30Z] [iter=1] HEARTBEAT target_type=call_site elapsed_min=52.8 files_done=66 resolved=3530 errors=4629 current=scripts/internal/bench_oneshot.py
[2026-09-18T10:00:04Z] [iter=1] HEARTBEAT target_type=call_site elapsed_min=53.4 files_done=74 resolved=3582 errors=4677 current=psutil/arch/windows/mem.c
[2026-09-18T10:01:21Z] [iter=1] HEARTBEAT target_type=call_site elapsed_min=54.7 files_done=80 resolved=3618 errors=4795 current=psutil/arch/windows/net.c
[2026-09-18T10:02:07Z] [iter=1] HEARTBEAT target_type=call_site elapsed_min=55.4 files_done=83 resolved=3640 errors=4864 current=psutil/arch/freebsd/sensors.c
[2026-09-18T10:02:43Z] [iter=1] HEARTBEAT target_type=call_site elapsed_min=56.0 files_done=87 resolved=3640 errors=4920 current=psutil/arch/windows/security.c
[2026-09-18T10:03:26Z] [iter=1] HEARTBEAT target_type=call_site elapsed_min=56.7 files_done=90 resolved=3648 errors=4985 current=psutil/arch/freebsd/proc_socks.c
[2026-09-18T10:04:02Z] [iter=1] HEARTBEAT target_type=call_site elapsed_min=57.3 files_done=93 resolved=3663 errors=5041 current=psutil/arch/windows/proc_utils.c
[2026-09-18T10:04:55Z] [iter=1] HEARTBEAT target_type=call_site elapsed_min=58.2 files_done=96 resolved=3663 errors=5121 current=psutil/arch/osx/proc.c
[2026-09-18T10:05:25Z] [iter=1] HEARTBEAT target_type=call_site elapsed_min=58.7 files_done=97 resolved=3685 errors=5167 current=psutil/arch/osx/cpu.c
[2026-09-18T10:06:16Z] [iter=1] HEARTBEAT target_type=call_site elapsed_min=59.6 files_done=101 resolved=3695 errors=5245 current=psutil/arch/bsd/cpu.c
[2026-09-18T10:07:04Z] [iter=1] HEARTBEAT target_type=call_site elapsed_min=60.4 files_done=105 resolved=3695 errors=5319 current=psutil/arch/sunos/cpu.c
[2026-09-18T10:08:02Z] [iter=1] HEARTBEAT target_type=call_site elapsed_min=61.3 files_done=109 resolved=3736 errors=5408 current=psutil/arch/linux/proc.c
[2026-09-18T10:08:34Z] [iter=1] HEARTBEAT target_type=call_site elapsed_min=61.9 files_done=114 resolved=3747 errors=5457 current=psutil/arch/aix/ifaddrs.c
[2026-09-18T10:09:17Z] [iter=1] HEARTBEAT target_type=call_site elapsed_min=62.6 files_done=119 resolved=3770 errors=5523 current=psutil/arch/osx/net.c
[2026-09-18T10:09:49Z] [iter=1] HEARTBEAT target_type=call_site elapsed_min=63.1 files_done=124 resolved=3770 errors=5571 current=psutil/arch/bsd/heap.c
[2026-09-18T10:10:20Z] [iter=1] HEARTBEAT target_type=call_site elapsed_min=63.6 files_done=130 resolved=3784 errors=5619 current=psutil/arch/posix/proc.c
[2026-09-18T10:10:51Z] [iter=1] HEARTBEAT target_type=call_site elapsed_min=64.1 files_done=140 resolved=3795 errors=5665 current=psutil/arch/openbsd/mem.c
[2026-09-18T10:11:33Z] [iter=1] HEARTBEAT target_type=call_site elapsed_min=64.8 files_done=147 resolved=3808 errors=5729 current=psutil/arch/linux/heap.c
[2026-09-18T10:12:05Z] [iter=1] HEARTBEAT target_type=call_site elapsed_min=65.4 files_done=161 resolved=3817 errors=5774 current=docs/_static/sidebar.js
[2026-09-18T10:12:54Z] [iter=1] Target type resolved target_type=call_site resolved=3818 errors=5847 secs=3945 mem_mb=857 MB
[2026-09-18T10:12:54Z] [iter=1] Resolving target type target_type=import_statement count=552
[2026-09-18T10:12:55Z] [iter=1] HEARTBEAT target_type=import_statement elapsed_min=66.2 files_done=0 resolved=0 errors=0 current=scripts/netstat.py
[2026-09-18T10:13:00Z] [iter=1] Target type resolved target_type=import_statement resolved=524 errors=0 secs=6 mem_mb=857 MB
[2026-09-18T10:13:00Z] [iter=1] Resolving target type target_type=extends_clause count=86
[2026-09-18T10:13:02Z] [iter=1] Target type resolved target_type=extends_clause resolved=86 errors=0 secs=2 mem_mb=857 MB
[2026-09-18T10:13:11Z] [iter=1] Step 5: Writing final enrichment file triples=89642
[2026-09-18T10:13:13Z] [iter=1] Enrichment file written path=/home/runner/work/forx/forx/storage/aggregate/lsp/6130c19da2d01383befa0dfca2371a792f8881af.nq.gz size_kb=1821
[2026-09-18T10:13:13Z] [iter=1] PHASE END: enrich elapsed_s=3991 elapsed_min=66.5 total_triples=89642
