[2026-09-19T14:43:04Z] === ENRICH ITERATION 1 START | repo=giampaolo/psutil sha=8e21684c ===
[2026-09-19T14:43:04Z] [iter=1] PHASE START: enrich repo=giampaolo/psutil sha=8e21684c runlog=/home/runner/work/forx/forx/storage/aggregate/lsp/logs/8e21684c-enrich-iter-001.log output=/home/runner/work/forx/forx/storage/aggregate/lsp/8e21684cf34fccab5868b13fcedd69b3598be6f9.nq.gz
[2026-09-19T14:43:04Z] [iter=1] Step 1: Loading AST into disk-backed store mem_mb=78 MB
[2026-09-19T14:43:18Z] [iter=1] AST store loaded triples=1608698 load_secs=13 mem_mb=875 MB
[2026-09-19T14:43:18Z] [iter=1] Step 2: Finding LSP targets mem_mb=875 MB
[2026-09-19T14:43:21Z] [iter=1] LSP targets found call_sites=14167 imports=0 extends=0 implements=0 secs=3
[2026-09-19T14:43:23Z] [iter=1] Step 2.7: Building position index (one-shot, shared across resolvers) mem_mb=875 MB
[2026-09-19T14:43:33Z] [iter=1] Position index built positions=113835 nodes_with_types=143533 secs=9 mem_mb=875 MB
[2026-09-19T14:43:33Z] [iter=1] Step 3: Starting LSP resolution mem_mb=875 MB already_completed_types=[] already_completed_files=0
[2026-09-19T14:43:33Z] [iter=1] Resolving target type target_type=call_site count=14167
[2026-09-19T14:43:35Z] [iter=1] HEARTBEAT target_type=call_site elapsed_min=0.5 files_done=0 resolved=0 errors=0 current=psutil/arch/osx/disk.c
[2026-09-19T14:44:34Z] [iter=1] HEARTBEAT target_type=call_site elapsed_min=1.5 files_done=2 resolved=31 errors=90 current=psutil/arch/linux/proc.c
[2026-09-19T14:45:11Z] [iter=1] HEARTBEAT target_type=call_site elapsed_min=2.1 files_done=4 resolved=53 errors=146 current=psutil/arch/windows/proc_handles.c
[2026-09-19T14:45:52Z] [iter=1] HEARTBEAT target_type=call_site elapsed_min=2.8 files_done=8 resolved=59 errors=209 current=psutil/arch/bsd/net.c
[2026-09-19T14:46:26Z] [iter=1] HEARTBEAT target_type=call_site elapsed_min=3.4 files_done=11 resolved=61 errors=261 current=psutil/arch/windows/proc_info.c
[2026-09-19T14:47:08Z] [iter=1] HEARTBEAT target_type=call_site elapsed_min=4.1 files_done=12 resolved=61 errors=325 current=psutil/_psutil_posix.c
[2026-09-19T14:48:08Z] [iter=1] HEARTBEAT target_type=call_site elapsed_min=5.1 files_done=14 resolved=90 errors=418 current=psutil/arch/netbsd/socks.c
[2026-09-19T14:48:40Z] [iter=1] HEARTBEAT target_type=call_site elapsed_min=5.6 files_done=15 resolved=122 errors=466 current=psutil/arch/netbsd/proc.c
[2026-09-19T14:49:49Z] [iter=1] HEARTBEAT target_type=call_site elapsed_min=6.7 files_done=17 resolved=153 errors=572 current=psutil/arch/openbsd/disk.c
[2026-09-19T14:50:32Z] [iter=1] HEARTBEAT target_type=call_site elapsed_min=7.5 files_done=20 resolved=187 errors=639 current=psutil/_psutil_windows.c
[2026-09-19T14:51:02Z] [iter=1] HEARTBEAT target_type=call_site elapsed_min=8.0 files_done=25 resolved=195 errors=685 current=psutil/arch/windows/services.c
[2026-09-19T14:51:35Z] [iter=1] HEARTBEAT target_type=call_site elapsed_min=8.5 files_done=29 resolved=200 errors=735 current=psutil/arch/bsd/proc.c
[2026-09-19T14:52:11Z] [iter=1] HEARTBEAT target_type=call_site elapsed_min=9.1 files_done=34 resolved=229 errors=790 current=psutil/arch/windows/cpu.c
[2026-09-19T14:52:42Z] [iter=1] HEARTBEAT target_type=call_site elapsed_min=9.6 files_done=36 resolved=237 errors=838 current=psutil/arch/freebsd/mem.c
[2026-09-19T14:53:16Z] [iter=1] HEARTBEAT target_type=call_site elapsed_min=10.2 files_done=42 resolved=280 errors=889 current=psutil/arch/aix/net_connections.c
[2026-09-19T14:53:47Z] [iter=1] HEARTBEAT target_type=call_site elapsed_min=10.7 files_done=44 resolved=296 errors=936 current=psutil/_psutil_osx.c
[2026-09-19T14:54:24Z] [iter=1] HEARTBEAT target_type=call_site elapsed_min=11.3 files_done=53 resolved=302 errors=993 current=psutil/arch/linux/net.c
[2026-09-19T14:59:08Z] [iter=1] HEARTBEAT target_type=call_site elapsed_min=16.1 files_done=62 resolved=1057 errors=1391 current=psutil/tests/__init__.py
[2026-09-19T15:01:39Z] [iter=1] HEARTBEAT target_type=call_site elapsed_min=18.6 files_done=63 resolved=1441 errors=1603 current=psutil/tests/test_bsd.py
[2026-09-19T15:03:20Z] [iter=1] HEARTBEAT target_type=call_site elapsed_min=20.3 files_done=64 resolved=1599 errors=1750 current=psutil/tests/test_testutils.py
[2026-09-19T15:04:35Z] [iter=1] HEARTBEAT target_type=call_site elapsed_min=21.5 files_done=65 resolved=1735 errors=1860 current=psutil/tests/test_posix.py
[2026-09-19T15:05:30Z] [iter=1] HEARTBEAT target_type=call_site elapsed_min=22.4 files_done=66 resolved=1845 errors=1939 current=psutil/tests/test_windows.py
[2026-09-19T15:07:25Z] [iter=1] HEARTBEAT target_type=call_site elapsed_min=24.3 files_done=67 resolved=2094 errors=2105 current=psutil/tests/test_system.py
[2026-09-19T15:09:00Z] [iter=1] HEARTBEAT target_type=call_site elapsed_min=25.9 files_done=68 resolved=2432 errors=2244 current=psutil/_pssunos.py
[2026-09-19T15:09:46Z] [iter=1] HEARTBEAT target_type=call_site elapsed_min=26.7 files_done=69 resolved=2502 errors=2312 current=psutil/_psaix.py
[2026-09-19T15:10:31Z] [iter=1] HEARTBEAT target_type=call_site elapsed_min=27.4 files_done=71 resolved=2590 errors=2379 current=scripts/internal/print_hashes.py
[2026-09-19T15:11:24Z] [iter=1] HEARTBEAT target_type=call_site elapsed_min=28.3 files_done=73 resolved=2675 errors=2458 current=psutil/tests/test_process.py
[2026-09-19T15:16:33Z] [iter=1] HEARTBEAT target_type=call_site elapsed_min=33.5 files_done=74 resolved=3191 errors=2901 current=psutil/_pslinux.py
[2026-09-19T15:19:09Z] [iter=1] HEARTBEAT target_type=call_site elapsed_min=36.1 files_done=75 resolved=3640 errors=3116 current=psutil/tests/test_contracts.py
[2026-09-19T15:20:29Z] [iter=1] HEARTBEAT target_type=call_site elapsed_min=37.4 files_done=76 resolved=3927 errors=3227 current=psutil/__init__.py
[2026-09-19T15:23:20Z] [iter=1] HEARTBEAT target_type=call_site elapsed_min=40.3 files_done=77 resolved=4137 errors=3433 current=psutil/_compat.py
[2026-09-19T15:24:03Z] [iter=1] HEARTBEAT target_type=call_site elapsed_min=41.0 files_done=79 resolved=4237 errors=3497 current=psutil/_common.py
[2026-09-19T15:25:44Z] [iter=1] HEARTBEAT target_type=call_site elapsed_min=42.7 files_done=82 resolved=4486 errors=3645 current=psutil/tests/test_misc.py
[2026-09-19T15:28:45Z] [iter=1] HEARTBEAT target_type=call_site elapsed_min=45.7 files_done=83 resolved=4787 errors=3914 current=psutil/tests/test_memleaks.py
[2026-09-19T15:30:35Z] [iter=1] HEARTBEAT target_type=call_site elapsed_min=47.5 files_done=84 resolved=4832 errors=4080 current=scripts/nettop.py
[2026-09-19T15:31:06Z] [iter=1] HEARTBEAT target_type=call_site elapsed_min=48.0 files_done=87 resolved=4888 errors=4124 current=scripts/meminfo.py
[2026-09-19T15:32:32Z] [iter=1] HEARTBEAT target_type=call_site elapsed_min=49.5 files_done=90 resolved=5111 errors=4245 current=psutil/tests/test_unicode.py
[2026-09-19T15:33:10Z] [iter=1] HEARTBEAT target_type=call_site elapsed_min=50.1 files_done=91 resolved=5171 errors=4300 current=scripts/internal/winmake.py
[2026-09-19T15:34:08Z] [iter=1] HEARTBEAT target_type=call_site elapsed_min=51.1 files_done=92 resolved=5303 errors=4387 current=scripts/internal/print_announce.py
[2026-09-19T15:35:12Z] [iter=1] HEARTBEAT target_type=call_site elapsed_min=52.1 files_done=95 resolved=5490 errors=4472 current=psutil/tests/test_aix.py
[2026-09-19T15:35:53Z] [iter=1] HEARTBEAT target_type=call_site elapsed_min=52.8 files_done=97 resolved=5561 errors=4533 current=scripts/who.py
[2026-09-19T15:36:42Z] [iter=1] HEARTBEAT target_type=call_site elapsed_min=53.6 files_done=101 resolved=5664 errors=4604 current=scripts/ps.py
[2026-09-19T15:37:51Z] [iter=1] HEARTBEAT target_type=call_site elapsed_min=54.8 files_done=107 resolved=5773 errors=4702 current=psutil/tests/test_sunos.py
[2026-09-19T15:38:38Z] [iter=1] HEARTBEAT target_type=call_site elapsed_min=55.6 files_done=110 resolved=5814 errors=4772 current=scripts/internal/print_dist.py
[2026-09-19T15:39:12Z] [iter=1] HEARTBEAT target_type=call_site elapsed_min=56.1 files_done=115 resolved=5922 errors=4820 current=scripts/internal/bench_oneshot_2.py
[2026-09-19T15:39:43Z] [iter=1] HEARTBEAT target_type=call_site elapsed_min=56.6 files_done=121 resolved=5996 errors=4862 current=scripts/battery.py
[2026-09-19T15:40:31Z] [iter=1] HEARTBEAT target_type=call_site elapsed_min=57.4 files_done=133 resolved=6097 errors=4925 current=docs/_static/sidebar.js
[2026-09-19T15:40:57Z] [iter=1] Target type resolved target_type=call_site resolved=6098 errors=4964 secs=3444 mem_mb=875 MB
[2026-09-19T15:41:06Z] [iter=1] Step 5: Writing final enrichment file triples=101721
[2026-09-19T15:41:08Z] [iter=1] Enrichment file written path=/home/runner/work/forx/forx/storage/aggregate/lsp/8e21684cf34fccab5868b13fcedd69b3598be6f9.nq.gz size_kb=2009
[2026-09-19T15:41:08Z] [iter=1] PHASE END: enrich elapsed_s=3483 elapsed_min=58.1 total_triples=101721
