[2026-09-19T20:56:10Z] === ENRICH ITERATION 1 START | repo=giampaolo/psutil sha=aae4346a ===
[2026-09-19T20:56:10Z] [iter=1] PHASE START: enrich repo=giampaolo/psutil sha=aae4346a runlog=/home/runner/work/forx/forx/storage/aggregate/lsp/logs/aae4346a-enrich-iter-001.log output=/home/runner/work/forx/forx/storage/aggregate/lsp/aae4346a560601e0417188f55cdd2d2a0e606fa7.nq.gz
[2026-09-19T20:56:10Z] [iter=1] Step 1: Loading AST into disk-backed store mem_mb=78 MB
[2026-09-19T20:56:34Z] [iter=1] AST store loaded triples=1580175 load_secs=23 mem_mb=883 MB
[2026-09-19T20:56:34Z] [iter=1] Step 2: Finding LSP targets mem_mb=883 MB
[2026-09-19T20:56:36Z] [iter=1] LSP targets found call_sites=13914 imports=0 extends=0 implements=0 secs=3
[2026-09-19T20:56:38Z] [iter=1] Step 2.7: Building position index (one-shot, shared across resolvers) mem_mb=883 MB
[2026-09-19T20:56:44Z] [iter=1] Position index built positions=111823 nodes_with_types=140931 secs=6 mem_mb=883 MB
[2026-09-19T20:56:44Z] [iter=1] Step 3: Starting LSP resolution mem_mb=883 MB already_completed_types=[] already_completed_files=0
[2026-09-19T20:56:44Z] [iter=1] Resolving target type target_type=call_site count=13914
[2026-09-19T20:56:45Z] [iter=1] HEARTBEAT target_type=call_site elapsed_min=0.6 files_done=0 resolved=0 errors=0 current=psutil/_psbsd.py
[2026-09-19T20:57:32Z] [iter=1] HEARTBEAT target_type=call_site elapsed_min=1.4 files_done=1 resolved=77 errors=81 current=scripts/internal/print_wheels.py
[2026-09-19T20:59:52Z] [iter=1] HEARTBEAT target_type=call_site elapsed_min=3.7 files_done=3 resolved=293 errors=285 current=scripts/internal/purge_installation.py
[2026-09-19T21:00:56Z] [iter=1] HEARTBEAT target_type=call_site elapsed_min=4.8 files_done=5 resolved=584 errors=393 current=psutil/_pswindows.py
[2026-09-19T21:02:00Z] [iter=1] HEARTBEAT target_type=call_site elapsed_min=5.8 files_done=6 resolved=676 errors=506 current=psutil/tests/test_windows.py
[2026-09-19T21:03:28Z] [iter=1] HEARTBEAT target_type=call_site elapsed_min=7.3 files_done=7 resolved=909 errors=657 current=psutil/tests/__init__.py
[2026-09-19T21:05:16Z] [iter=1] HEARTBEAT target_type=call_site elapsed_min=9.1 files_done=8 resolved=1267 errors=838 current=psutil/tests/test_misc.py
[2026-09-19T21:07:36Z] [iter=1] HEARTBEAT target_type=call_site elapsed_min=11.4 files_done=9 resolved=1538 errors=1085 current=psutil/tests/test_osx.py
[2026-09-19T21:11:39Z] [iter=1] HEARTBEAT target_type=call_site elapsed_min=15.5 files_done=11 resolved=2343 errors=1495 current=psutil/tests/test_system.py
[2026-09-19T21:12:59Z] [iter=1] HEARTBEAT target_type=call_site elapsed_min=16.8 files_done=12 resolved=2675 errors=1633 current=psutil/tests/test_process.py
[2026-09-19T21:17:26Z] [iter=1] HEARTBEAT target_type=call_site elapsed_min=21.3 files_done=13 resolved=3190 errors=2086 current=scripts/procinfo.py
[2026-09-19T21:18:06Z] [iter=1] HEARTBEAT target_type=call_site elapsed_min=21.9 files_done=14 resolved=3228 errors=2154 current=scripts/meminfo.py
[2026-09-19T21:18:53Z] [iter=1] HEARTBEAT target_type=call_site elapsed_min=22.7 files_done=17 resolved=3330 errors=2235 current=scripts/internal/check_broken_links.py
[2026-09-19T21:20:26Z] [iter=1] HEARTBEAT target_type=call_site elapsed_min=24.3 files_done=19 resolved=3560 errors=2393 current=setup.py
[2026-09-19T21:20:57Z] [iter=1] HEARTBEAT target_type=call_site elapsed_min=24.8 files_done=21 resolved=3664 errors=2442 current=psutil/_pslinux.py
[2026-09-19T21:23:05Z] [iter=1] HEARTBEAT target_type=call_site elapsed_min=26.9 files_done=22 resolved=4113 errors=2657 current=scripts/internal/winmake.py
[2026-09-19T21:23:55Z] [iter=1] HEARTBEAT target_type=call_site elapsed_min=27.7 files_done=23 resolved=4247 errors=2744 current=psutil/tests/test_testutils.py
[2026-09-19T21:24:57Z] [iter=1] HEARTBEAT target_type=call_site elapsed_min=28.8 files_done=24 resolved=4382 errors=2854 current=scripts/ps.py
[2026-09-19T21:25:32Z] [iter=1] HEARTBEAT target_type=call_site elapsed_min=29.4 files_done=26 resolved=4450 errors=2915 current=psutil/tests/test_aix.py
[2026-09-19T21:26:06Z] [iter=1] HEARTBEAT target_type=call_site elapsed_min=29.9 files_done=29 resolved=4562 errors=2976 current=psutil/tests/test_connections.py
[2026-09-19T21:27:04Z] [iter=1] HEARTBEAT target_type=call_site elapsed_min=30.9 files_done=30 resolved=4710 errors=3077 current=psutil/_compat.py
[2026-09-19T21:27:36Z] [iter=1] HEARTBEAT target_type=call_site elapsed_min=31.4 files_done=32 resolved=4893 errors=3133 current=scripts/internal/download_wheels_github.py
[2026-09-19T21:28:15Z] [iter=1] HEARTBEAT target_type=call_site elapsed_min=32.1 files_done=35 resolved=5000 errors=3201 current=scripts/internal/clinter.py
[2026-09-19T21:29:53Z] [iter=1] HEARTBEAT target_type=call_site elapsed_min=33.7 files_done=37 resolved=5064 errors=3378 current=.github/workflows/issues.py
[2026-09-19T21:30:24Z] [iter=1] HEARTBEAT target_type=call_site elapsed_min=34.2 files_done=38 resolved=5087 errors=3434 current=scripts/sensors.py
[2026-09-19T21:31:09Z] [iter=1] HEARTBEAT target_type=call_site elapsed_min=35.0 files_done=40 resolved=5210 errors=3511 current=psutil/_psosx.py
[2026-09-19T21:31:41Z] [iter=1] HEARTBEAT target_type=call_site elapsed_min=35.5 files_done=43 resolved=5249 errors=3568 current=scripts/free.py
[2026-09-19T21:32:16Z] [iter=1] HEARTBEAT target_type=call_site elapsed_min=36.1 files_done=47 resolved=5351 errors=3630 current=scripts/internal/print_api_speed.py
[2026-09-19T21:32:47Z] [iter=1] HEARTBEAT target_type=call_site elapsed_min=36.6 files_done=51 resolved=5457 errors=3683 current=scripts/internal/print_hashes.py
[2026-09-19T21:33:19Z] [iter=1] HEARTBEAT target_type=call_site elapsed_min=37.1 files_done=60 resolved=5569 errors=3736 current=scripts/internal/bench_oneshot_2.py
[2026-09-19T21:33:54Z] [iter=1] HEARTBEAT target_type=call_site elapsed_min=37.7 files_done=72 resolved=5644 errors=3792 current=psutil/arch/freebsd/proc.c
[2026-09-19T21:34:33Z] [iter=1] HEARTBEAT target_type=call_site elapsed_min=38.4 files_done=74 resolved=5683 errors=3863 current=psutil/arch/openbsd/mem.c
[2026-09-19T21:35:26Z] [iter=1] HEARTBEAT target_type=call_site elapsed_min=39.3 files_done=78 resolved=5717 errors=3961 current=psutil/arch/aix/net_connections.c
[2026-09-19T21:36:08Z] [iter=1] HEARTBEAT target_type=call_site elapsed_min=40.0 files_done=80 resolved=5728 errors=4037 current=psutil/_psutil_sunos.c
[2026-09-19T21:36:59Z] [iter=1] HEARTBEAT target_type=call_site elapsed_min=40.8 files_done=81 resolved=5741 errors=4130 current=psutil/_psutil_bsd.c
[2026-09-19T21:37:59Z] [iter=1] HEARTBEAT target_type=call_site elapsed_min=41.8 files_done=83 resolved=5805 errors=4241 current=psutil/arch/netbsd/specific.c
[2026-09-19T21:38:32Z] [iter=1] HEARTBEAT target_type=call_site elapsed_min=42.4 files_done=85 resolved=5830 errors=4301 current=psutil/arch/openbsd/proc.c
[2026-09-19T21:39:04Z] [iter=1] HEARTBEAT target_type=call_site elapsed_min=42.9 files_done=87 resolved=5886 errors=4359 current=psutil/arch/windows/services.c
[2026-09-19T21:39:56Z] [iter=1] HEARTBEAT target_type=call_site elapsed_min=43.8 files_done=93 resolved=5886 errors=4455 current=psutil/arch/netbsd/socks.c
[2026-09-19T21:40:36Z] [iter=1] HEARTBEAT target_type=call_site elapsed_min=44.4 files_done=95 resolved=5924 errors=4527 current=psutil/arch/windows/socks.c
[2026-09-19T21:41:19Z] [iter=1] HEARTBEAT target_type=call_site elapsed_min=45.1 files_done=99 resolved=5950 errors=4606 current=psutil/arch/windows/disk.c
[2026-09-19T21:41:49Z] [iter=1] HEARTBEAT target_type=call_site elapsed_min=45.6 files_done=103 resolved=5971 errors=4662 current=psutil/arch/freebsd/proc_socks.c
[2026-09-19T21:42:28Z] [iter=1] HEARTBEAT target_type=call_site elapsed_min=46.3 files_done=107 resolved=5977 errors=4734 current=psutil/arch/osx/cpu.c
[2026-09-19T21:43:19Z] [iter=1] Target type resolved target_type=call_site resolved=5980 errors=4820 secs=2794 mem_mb=883 MB
[2026-09-19T21:43:27Z] [iter=1] Step 5: Writing final enrichment file triples=99564
[2026-09-19T21:43:28Z] [iter=1] Enrichment file written path=/home/runner/work/forx/forx/storage/aggregate/lsp/aae4346a560601e0417188f55cdd2d2a0e606fa7.nq.gz size_kb=1970
[2026-09-19T21:43:28Z] [iter=1] PHASE END: enrich elapsed_s=2838 elapsed_min=47.3 total_triples=99564
