[2026-09-19T01:20:55Z] === ENRICH ITERATION 1 START | repo=giampaolo/psutil sha=c948ef07 ===
[2026-09-19T01:20:55Z] [iter=1] PHASE START: enrich repo=giampaolo/psutil sha=c948ef07 runlog=/home/runner/work/forx/forx/storage/aggregate/lsp/logs/c948ef07-enrich-iter-001.log output=/home/runner/work/forx/forx/storage/aggregate/lsp/c948ef07e46b114a61492c9d207c741339fceeb2.nq.gz
[2026-09-19T01:20:55Z] [iter=1] Step 1: Loading AST into disk-backed store mem_mb=78 MB
[2026-09-19T01:21:11Z] [iter=1] AST store loaded triples=1565629 load_secs=15 mem_mb=883 MB
[2026-09-19T01:21:11Z] [iter=1] Step 2: Finding LSP targets mem_mb=883 MB
[2026-09-19T01:21:14Z] [iter=1] LSP targets found call_sites=13056 imports=86 extends=1 implements=0 secs=3
[2026-09-19T01:21:16Z] [iter=1] Step 2.7: Building position index (one-shot, shared across resolvers) mem_mb=883 MB
[2026-09-19T01:21:22Z] [iter=1] Position index built positions=110647 nodes_with_types=138858 secs=7 mem_mb=883 MB
[2026-09-19T01:21:22Z] [iter=1] Step 3: Starting LSP resolution mem_mb=883 MB already_completed_types=[] already_completed_files=0
[2026-09-19T01:21:22Z] [iter=1] Resolving target type target_type=call_site count=13056
[2026-09-19T01:23:25Z] [iter=1] HEARTBEAT target_type=call_site elapsed_min=2.5 files_done=1 resolved=434 errors=214 current=psutil/_psaix.py
[2026-09-19T01:27:50Z] [iter=1] HEARTBEAT target_type=call_site elapsed_min=6.9 files_done=3 resolved=932 errors=709 current=psutil/tests/__init__.py
[2026-09-19T01:29:45Z] [iter=1] HEARTBEAT target_type=call_site elapsed_min=8.8 files_done=4 resolved=1266 errors=917 current=psutil/_common.py
[2026-09-19T01:31:44Z] [iter=1] HEARTBEAT target_type=call_site elapsed_min=10.8 files_done=8 resolved=1701 errors=1133 current=psutil/_pswindows.py
[2026-09-19T01:32:34Z] [iter=1] HEARTBEAT target_type=call_site elapsed_min=11.6 files_done=9 resolved=1786 errors=1229 current=scripts/internal/winmake.py
[2026-09-19T01:33:26Z] [iter=1] HEARTBEAT target_type=call_site elapsed_min=12.5 files_done=10 resolved=1911 errors=1327 current=psutil/tests/test_misc.py
[2026-09-19T01:35:33Z] [iter=1] HEARTBEAT target_type=call_site elapsed_min=14.6 files_done=11 resolved=2028 errors=1574 current=psutil/tests/test_posix.py
[2026-09-19T01:36:27Z] [iter=1] HEARTBEAT target_type=call_site elapsed_min=15.5 files_done=12 resolved=2105 errors=1674 current=psutil/__init__.py
[2026-09-19T01:38:43Z] [iter=1] HEARTBEAT target_type=call_site elapsed_min=17.8 files_done=13 resolved=2309 errors=1881 current=psutil/tests/test_process.py
[2026-09-19T01:43:56Z] [iter=1] HEARTBEAT target_type=call_site elapsed_min=23.0 files_done=14 resolved=2521 errors=2465 current=scripts/internal/print_sysinfo.py
[2026-09-19T01:45:51Z] [iter=1] HEARTBEAT target_type=call_site elapsed_min=24.9 files_done=16 resolved=2702 errors=2680 current=psutil/_psosx.py
[2026-09-19T01:46:25Z] [iter=1] HEARTBEAT target_type=call_site elapsed_min=25.5 files_done=18 resolved=2748 errors=2746 current=psutil/tests/test_bsd.py
[2026-09-19T01:47:52Z] [iter=1] HEARTBEAT target_type=call_site elapsed_min=27.0 files_done=19 resolved=2847 errors=2913 current=psutil/tests/test_connections.py
[2026-09-19T01:48:55Z] [iter=1] HEARTBEAT target_type=call_site elapsed_min=28.0 files_done=20 resolved=2917 errors=3031 current=scripts/procinfo.py
[2026-09-19T01:49:39Z] [iter=1] HEARTBEAT target_type=call_site elapsed_min=28.7 files_done=21 resolved=2948 errors=3118 current=.github/workflows/issues.py
[2026-09-19T01:51:48Z] [iter=1] HEARTBEAT target_type=call_site elapsed_min=30.9 files_done=23 resolved=2988 errors=3369 current=scripts/top.py
[2026-09-19T01:52:40Z] [iter=1] HEARTBEAT target_type=call_site elapsed_min=31.8 files_done=25 resolved=3126 errors=3467 current=psutil/tests/test_testutils.py
[2026-09-19T01:54:11Z] [iter=1] HEARTBEAT target_type=call_site elapsed_min=33.3 files_done=26 resolved=3233 errors=3643 current=scripts/internal/print_downloads.py
[2026-09-19T01:54:59Z] [iter=1] HEARTBEAT target_type=call_site elapsed_min=34.1 files_done=28 resolved=3324 errors=3733 current=scripts/internal/print_dist.py
[2026-09-19T01:55:35Z] [iter=1] HEARTBEAT target_type=call_site elapsed_min=34.7 files_done=31 resolved=3397 errors=3801 current=psutil/_psbsd.py
[2026-09-19T01:56:16Z] [iter=1] HEARTBEAT target_type=call_site elapsed_min=35.3 files_done=32 resolved=3457 errors=3880 current=psutil/tests/test_contracts.py
[2026-09-19T01:56:48Z] [iter=1] HEARTBEAT target_type=call_site elapsed_min=35.9 files_done=34 resolved=3574 errors=3942 current=scripts/procsmem.py
[2026-09-19T01:57:38Z] [iter=1] HEARTBEAT target_type=call_site elapsed_min=36.7 files_done=38 resolved=3702 errors=4036 current=scripts/fans.py
[2026-09-19T01:58:09Z] [iter=1] HEARTBEAT target_type=call_site elapsed_min=37.2 files_done=44 resolved=3780 errors=4093 current=scripts/internal/print_announce.py
[2026-09-19T01:59:04Z] [iter=1] HEARTBEAT target_type=call_site elapsed_min=38.1 files_done=48 resolved=3851 errors=4198 current=scripts/internal/convert_readme.py
[2026-09-19T01:59:45Z] [iter=1] HEARTBEAT target_type=call_site elapsed_min=38.8 files_done=55 resolved=4017 errors=4272 current=scripts/meminfo.py
[2026-09-19T02:00:16Z] [iter=1] HEARTBEAT target_type=call_site elapsed_min=39.3 files_done=61 resolved=4068 errors=4331 current=scripts/internal/download_wheels.py
[2026-09-19T02:00:47Z] [iter=1] HEARTBEAT target_type=call_site elapsed_min=39.9 files_done=70 resolved=4164 errors=4389 current=scripts/who.py
[2026-09-19T02:01:20Z] [iter=1] HEARTBEAT target_type=call_site elapsed_min=40.4 files_done=75 resolved=4186 errors=4442 current=psutil/arch/bsd/proc.c
[2026-09-19T02:01:51Z] [iter=1] HEARTBEAT target_type=call_site elapsed_min=40.9 files_done=78 resolved=4204 errors=4503 current=psutil/arch/posix/users.c
[2026-09-19T02:02:33Z] [iter=1] HEARTBEAT target_type=call_site elapsed_min=41.6 files_done=83 resolved=4234 errors=4583 current=psutil/arch/windows/net.c
[2026-09-19T02:03:10Z] [iter=1] HEARTBEAT target_type=call_site elapsed_min=42.2 files_done=86 resolved=4264 errors=4652 current=psutil/arch/windows/disk.c
[2026-09-19T02:04:07Z] [iter=1] HEARTBEAT target_type=call_site elapsed_min=43.2 files_done=89 resolved=4297 errors=4763 current=psutil/arch/windows/proc_info.c
[2026-09-19T02:04:47Z] [iter=1] HEARTBEAT target_type=call_site elapsed_min=43.9 files_done=91 resolved=4297 errors=4839 current=psutil/arch/aix/ifaddrs.c
[2026-09-19T02:05:23Z] [iter=1] HEARTBEAT target_type=call_site elapsed_min=44.5 files_done=96 resolved=4321 errors=4909 current=psutil/arch/windows/init.c
[2026-09-19T02:06:05Z] [iter=1] HEARTBEAT target_type=call_site elapsed_min=45.2 files_done=100 resolved=4334 errors=4988 current=psutil/arch/freebsd/proc_socks.c
[2026-09-19T02:06:45Z] [iter=1] HEARTBEAT target_type=call_site elapsed_min=45.8 files_done=104 resolved=4411 errors=5063 current=psutil/arch/windows/wmi.c
[2026-09-19T02:07:23Z] [iter=1] HEARTBEAT target_type=call_site elapsed_min=46.5 files_done=110 resolved=4427 errors=5137 current=psutil/arch/osx/disk.c
[2026-09-19T02:07:54Z] [iter=1] HEARTBEAT target_type=call_site elapsed_min=47.0 files_done=117 resolved=4437 errors=5198 current=psutil/arch/freebsd/mem.c
[2026-09-19T02:08:25Z] [iter=1] HEARTBEAT target_type=call_site elapsed_min=47.5 files_done=127 resolved=4443 errors=5259 current=psutil/arch/sunos/disk.c
[2026-09-19T02:08:57Z] [iter=1] HEARTBEAT target_type=call_site elapsed_min=48.0 files_done=144 resolved=4465 errors=5322 current=psutil/arch/sunos/mem.c
[2026-09-19T02:09:29Z] [iter=1] HEARTBEAT target_type=call_site elapsed_min=48.6 files_done=153 resolved=4467 errors=5361 current=docs/_static/sidebar.js
[2026-09-19T02:10:08Z] [iter=1] Target type resolved target_type=call_site resolved=4468 errors=5434 secs=2925 mem_mb=883 MB
[2026-09-19T02:10:08Z] [iter=1] Resolving target type target_type=import_statement count=86
[2026-09-19T02:10:08Z] [iter=1] HEARTBEAT target_type=import_statement elapsed_min=49.2 files_done=0 resolved=0 errors=0 current=scripts/internal/install_pip.py
[2026-09-19T02:10:10Z] [iter=1] Target type resolved target_type=import_statement resolved=84 errors=0 secs=2 mem_mb=883 MB
[2026-09-19T02:10:10Z] [iter=1] Resolving target type target_type=extends_clause count=1
[2026-09-19T02:10:11Z] [iter=1] Target type resolved target_type=extends_clause resolved=1 errors=0 secs=1 mem_mb=883 MB
[2026-09-19T02:10:18Z] [iter=1] Step 5: Writing final enrichment file triples=89782
[2026-09-19T02:10:20Z] [iter=1] Enrichment file written path=/home/runner/work/forx/forx/storage/aggregate/lsp/c948ef07e46b114a61492c9d207c741339fceeb2.nq.gz size_kb=1811
[2026-09-19T02:10:20Z] [iter=1] PHASE END: enrich elapsed_s=2964 elapsed_min=49.4 total_triples=89782
